Test#6
<Context of 'go'>
<Context of 'go'>
<Context of 'gadget'>
Lawn