Test#12
program is:
p( "Test#12" )
p( "program is:", program asCode )