go( 1, 2, -, 0 )
  go( 1, 1, a, 1 )
    go( 1, 0, a, 2 )
    ...returning 1
    go( 0, 0, b, 2 )
    ...returning 100
  ...returning 101
  go( 0, 0, b, 1 )
  ...returning 100
...returning 201
201