Gavin Kistner
nil (the object)
nil (the object)
<Object instance>
35
Gavin Kistner
35
nil (the object)
nil (the object)
localFoo
Gavin Kistner
nil (the object)
